Manrouf-Mayotte app running on http://localhost:3000
